// Jest Snapshot v1, https://goo.gl/fbAQLP

exports[`checks if Display component renders correctly should render correctly 1`] = `
<div
  className="display"
>
  div
</div>
`;
